#-----------------------------------------------------------
# Vivado v2019.2 (64-bit)
# SW Build 2708876 on Wed Nov  6 21:40:23 MST 2019
# IP Build 2700528 on Thu Nov  7 00:09:20 MST 2019
# Start of session at: Tue Feb 25 13:47:26 2020
# Process ID: 9344
# Current directory: D:/Programs/Digitale-synthese
# Command line: vivado.exe -gui_launcher_event rodinguilauncherevent240 D:\Programs\Digitale-synthese\Digitale-synthese.xpr
# Log file: D:/Programs/Digitale-synthese/vivado.log
# Journal file: D:/Programs/Digitale-synthese\vivado.jou
#-----------------------------------------------------------
start_gui
open_project D:/Programs/Digitale-synthese/Digitale-synthese.xpr
update_compile_order -fileset sources_1
launch_simulation
source DEBOUNCER_tb.tcl
close_sim
launch_simulation
source DEBOUNCER_tb.tcl
run all
run all
current_wave_config {Untitled 2}
add_wave {{/DEBOUNCER_tb/uut/shiftreg_next}} 
relaunch_sim
run all
run all
close_sim
launch_simulation
source DEBOUNCER_tb.tcl
run all
current_wave_config {Untitled 3}
add_wave {{/DEBOUNCER_tb/uut/shiftreg_pres}} 
run all
run all
relaunch_sim
run all
current_wave_config {Untitled 3}
add_wave {{/DEBOUNCER_tb/uut/shiftreg_next}} 
current_wave_config {Untitled 3}
add_wave {{/DEBOUNCER_tb/uut/sh}} 
relaunch_sim
run all
close_sim
launch_simulation
source DEBOUNCER_tb.tcl
run all
current_wave_config {Untitled 4}
add_wave {{/DEBOUNCER_tb/uut/shiftreg_pres}} 
current_wave_config {Untitled 4}
add_wave {{/DEBOUNCER_tb/uut/shiftreg_next}} 
current_wave_config {Untitled 4}
add_wave {{/DEBOUNCER_tb/uut/sh}} 
relaunch_sim
run all
run all
close_sim
launch_simulation
source DEBOUNCER_tb.tcl
relaunch_sim
run all
current_wave_config {Untitled 5}
add_wave {{/DEBOUNCER_tb/uut/shiftreg_pres}} {{/DEBOUNCER_tb/uut/shiftreg_next}} {{/DEBOUNCER_tb/uut/sh}} 
relaunch_sim
run all
close_sim
launch_simulation
source DEBOUNCER_tb.tcl
run all
current_wave_config {Untitled 6}
add_wave {{/DEBOUNCER_tb/uut/shiftreg_pres}} {{/DEBOUNCER_tb/uut/shiftreg_next}} {{/DEBOUNCER_tb/uut/sh}} 
relaunch_sim
run all
relaunch_sim
run all
set_property -name {xsim.simulate.log_all_signals} -value {true} -objects [get_filesets sim_1]
close_sim
launch_simulation
source DEBOUNCER_tb.tcl
run all
run all
relaunch_sim
run all
relaunch_sim
run all
set_property -name {xsim.simulate.log_all_signals} -value {false} -objects [get_filesets sim_1]
